15
5
12
37
95
370
1725
7553
15635
4334
173
32
12
10
4
2
